register tokenizers/sample
[[0,0.0,0.0],true]
tokenize TokenSample "abc d e f"
[
  [
    0,
    0.0,
    0.0
  ],
  [
    {
      "value": "a",
      "position": 0
    },
    {
      "value": "b",
      "position": 1
    },
    {
      "value": "c",
      "position": 2
    },
    {
      "value": " ",
      "position": 3
    },
    {
      "value": "d",
      "position": 4
    },
    {
      "value": " ",
      "position": 5
    },
    {
      "value": "e",
      "position": 6
    },
    {
      "value": " ",
      "position": 7
    },
    {
      "value": "f",
      "position": 8
    }
  ]
]
